// Jest Snapshot v1, https://goo.gl/fbAQLP

exports[`<ErrorMessage /> should render the error message component correctly 1`] = `
<DocumentFragment>
  <div
    class="error-message"
  >
    <svg>
      error.svg
    </svg>
    <p
      class="error-message__description"
      data-testid="error-message__description"
    >
      An error occurred
    </p>
    <button
      class="button error-message__button button--solid  "
      data-testid="button"
    >
      <span
        class="button__left-icon"
      >
        <svg>
          retry.svg
        </svg>
      </span>
      Try again
    </button>
  </div>
</DocumentFragment>
`;
